// Jest Snapshot v1, https://goo.gl/fbAQLP

exports[`Task Task - Task completes successfully 1`] = `
Object {
  "FAKE": "0x5FbDB2315678afecb367f032d93F642f64180aa3",
}
`;
